python : 
Traceback (most 
recent call 
last):
At line:1 char:1
+ python test_cha
t_service.py > 
test_output.txt 
2>&1
+ ~~~~~~~~~~~~~~~
~~~~~~~~~~~~~~~~~
~~~~~~~~~~~~~~~~~
~
    + CategoryIn 
   fo            
  : NotSpecifi   
 ed: (Traceba    
ck (most rec    
ent call las    
t)::String)     
[], RemoteEx    
ception
    + FullyQuali 
   fiedErrorId   
  : NativeComm   
 andError
 
  File 
"D:\BUILDATHON 
PROJECTS 2\backen
d\app\services\ai
_service.py", 
line 70, in chat
    response = cl
ient.models.gener
ate_content(
               ^^
^^^^^^^^^^^^^^^^^
^^^^^^^^^^^^
  File "C:\Users\
Debajeet Mandal\A
ppData\Local\Prog
rams\Python\Pytho
n311\Lib\site-pac
kages\google\gena
i\models.py", 
line 5006, in 
generate_content
    response = se
lf._generate_cont
ent(
               ^^
^^^^^^^^^^^^^^^^^
^^^^
  File "C:\Users\
Debajeet Mandal\A
ppData\Local\Prog
rams\Python\Pytho
n311\Lib\site-pac
kages\google\gena
i\models.py", 
line 3818, in 
_generate_content
    response = se
lf._api_client.re
quest(
               ^^
^^^^^^^^^^^^^^^^^
^^^^^^
  File "C:\Users\
Debajeet Mandal\A
ppData\Local\Prog
rams\Python\Pytho
n311\Lib\site-pac
kages\google\gena
i\_api_client.py"
, line 1314, in 
request
    response = se
lf._request(http_
request, 
http_options, 
stream=False)
               ^^
^^^^^^^^^^^^^^^^^
^^^^^^^^^^^^^^^^^
^^^^^^^^^^^^^^^^^
^^
  File "C:\Users\
Debajeet Mandal\A
ppData\Local\Prog
rams\Python\Pytho
n311\Lib\site-pac
kages\google\gena
i\_api_client.py"
, line 1150, in 
_request
    return self._
retry(self._reque
st_once, 
http_request, 
stream)  # type: 
ignore[no-any-ret
urn]
           ^^^^^^
^^^^^^^^^^^^^^^^^
^^^^^^^^^^^^^^^^^
^^^^^^^^^^^^^
  File "C:\Users\
Debajeet Mandal\A
ppData\Local\Prog
rams\Python\Pytho
n311\Lib\site-pac
kages\tenacity\__
init__.py", line 
477, in __call__
    do = self.ite
r(retry_state=ret
ry_state)
         ^^^^^^^^
^^^^^^^^^^^^^^^^^
^^^^^^^^^
  File "C:\Users\
Debajeet Mandal\A
ppData\Local\Prog
rams\Python\Pytho
n311\Lib\site-pac
kages\tenacity\__
init__.py", line 
378, in iter
    result = acti
on(retry_state)
             ^^^^
^^^^^^^^^^^^^^^
  File "C:\Users\
Debajeet Mandal\A
ppData\Local\Prog
rams\Python\Pytho
n311\Lib\site-pac
kages\tenacity\__
init__.py", line 
420, in exc_check
    raise retry_e
xc.reraise()
          ^^^^^^^
^^^^^^^^^^^^
  File "C:\Users\
Debajeet Mandal\A
ppData\Local\Prog
rams\Python\Pytho
n311\Lib\site-pac
kages\tenacity\__
init__.py", line 
187, in reraise
    raise self.la
st_attempt.result
()
          ^^^^^^^
^^^^^^^^^^^^^^^^^
^^
  File "C:\Users\
Debajeet Mandal\A
ppData\Local\Prog
rams\Python\Pytho
n311\Lib\concurre
nt\futures\_base.
py", line 449, 
in result
    return self._
_get_result()
           ^^^^^^
^^^^^^^^^^^^^
  File "C:\Users\
Debajeet Mandal\A
ppData\Local\Prog
rams\Python\Pytho
n311\Lib\concurre
nt\futures\_base.
py", line 401, 
in __get_result
    raise 
self._exception
  File "C:\Users\
Debajeet Mandal\A
ppData\Local\Prog
rams\Python\Pytho
n311\Lib\site-pac
kages\tenacity\__
init__.py", line 
480, in __call__
    result = 
fn(*args, 
**kwargs)
             ^^^^
^^^^^^^^^^^^^^^
  File "C:\Users\
Debajeet Mandal\A
ppData\Local\Prog
rams\Python\Pytho
n311\Lib\site-pac
kages\google\gena
i\_api_client.py"
, line 1127, in 
_request_once
    errors.APIErr
or.raise_for_resp
onse(response)
  File "C:\Users\
Debajeet Mandal\A
ppData\Local\Prog
rams\Python\Pytho
n311\Lib\site-pac
kages\google\gena
i\errors.py", 
line 108, in rais
e_for_response
    raise ClientE
rror(status_code,
 response_json, 
response)
google.genai.erro
rs.ClientError: 
404 NOT_FOUND. 
{'error': 
{'code': 404, 
'message': 'model
s/gemini-1.5-flas
h is not found 
for API version 
v1beta, or is 
not supported 
for 
generateContent. 
Call ListModels 
to see the list 
of available 
models and their 
supported 
methods.', 
'status': 
'NOT_FOUND'}}
Testing AI Chat...
AI Chat error details: 404 NOT_FOUND. {'error': {'code': 404, 'message': 'models/gemini-1.5-flash is not found for API version v1beta, or is not supported for generateContent. Call ListModels to see the list of available models and their supported methods.', 'status': 'NOT_FOUND'}}
Response: I'm having trouble connecting to my brain right now.
